ERROR:    [Errno 10048] error while attempting to bind on address ('0.0.0.0', 7860): [winerror 10048] only one usage of each socket address (protocol/network address/port) is normally permitted
Traceback (most recent call last):
  File "C:\Users\selahattin.taspinar\ai-dev-team\turkish-nlp\demos\gradio_app.py", line 98, in <module>
    demo.launch(
    ~~~~~~~~~~~^
        server_name="0.0.0.0",
        ^^^^^^^^^^^^^^^^^^^^^^
        server_port=7860,
        ^^^^^^^^^^^^^^^^^
        share=True
        ^^^^^^^^^^
    )
    ^
  File "C:\Users\selahattin.taspinar\AppData\Local\Packages\PythonSoftwareFoundation.Python.3.13_qbz5n2kfra8p0\LocalCache\local-packages\Python313\site-packages\gradio\blocks.py", line 3000, in launch
    ) = http_server.start_server(
        ~~~~~~~~~~~~~~~~~~~~~~~~^
        app=self.app,
        ^^^^^^^^^^^^^
    ...<4 lines>...
        ssl_keyfile_password=ssl_keyfile_password,
        ^^^^^^^^^^^^^^^^^^^^^^^^^^^^^^^^^^^^^^^^^^
    )
    ^
  File "C:\Users\selahattin.taspinar\AppData\Local\Packages\PythonSoftwareFoundation.Python.3.13_qbz5n2kfra8p0\LocalCache\local-packages\Python313\site-packages\gradio\http_server.py", line 182, in start_server
    raise OSError(
        f"Cannot find empty port in range: {min(server_ports)}-{max(server_ports)}. You can specify a different port by setting the GRADIO_SERVER_PORT environment variable or passing the `server_port` parameter to `launch()`."
    )
OSError: Cannot find empty port in range: 7860-7860. You can specify a different port by setting the GRADIO_SERVER_PORT environment variable or passing the `server_port` parameter to `launch()`.
